<html>
<body>
<pre>
<h1>µVision Build Log</h1>
<h2>Project:</h2>
C:\¡˙¬ˆº”√‹À¯—–æø\Project1\Project1.uvproj
Project File Date:  07/30/2013

<h2>Output:</h2>
Build target 'Project1'
assembling startup.s...
compiling main.c...
compiling smartx3_system.c...
linking...
Program Size: Code=120 RO-data=80 RW-data=0 ZI-data=1028  
User command #1: fromelf.exe --bin -o  ./Project1.bin  ./Project1.axf
"Project1.axf" - 0 Error(s), 0 Warning(s).
Build target 'Project1'
compiling main.c...
linking...
Program Size: Code=124 RO-data=80 RW-data=0 ZI-data=1028  
User command #1: fromelf.exe --bin -o  ./Project1.bin  ./Project1.axf
"Project1.axf" - 0 Error(s), 0 Warning(s).
