ARM Linker, 4.1 [Build 481] [Evaluation]

==============================================================================

Section Cross References

    startup.o(RESET) refers to startup.o(STACK) for __initial_sp
    startup.o(RESET) refers to startup.o(.text) for Reset_Handler
    startup.o(.text) refers to entry.o(.ARM.Collect$$$$00000000) for __main
    main.o(.text) refers to smart_fs_orf.o(.text) for smart_open_file
    main.o(.text) refers to smart_fs_wf.o(.text) for smart_write_file
    smart_fs_wf.o(.text) refers to smart_write_eflash.o(.text) for smart_write_flash
    smart_write_eflash.o(.text) refers to smart_write_buf.o(.bss) for g_smart_ram
    entry.o(.ARM.Collect$$$$00000000) refers (Special) to entry7.o(.ARM.Collect$$$$00000007) for _main_init
    entry.o(.ARM.Collect$$$$00000000) refers (Special) to entry5.o(.ARM.Collect$$$$00000004) for _main_scatterload
    entry.o(.ARM.Collect$$$$00000000) refers (Special) to entry2.o(.ARM.Collect$$$$00000001) for _main_stk
    entry2.o(.ARM.Collect$$$$00000001) refers to entry2.o(.ARM.Collect$$$$00002712) for __lit__00000000
    entry2.o(.ARM.Collect$$$$00002712) refers to startup.o(STACK) for __initial_sp
    entry2.o(__vectab_stack_and_reset_area) refers to startup.o(STACK) for __initial_sp
    entry2.o(__vectab_stack_and_reset_area) refers to entry.o(.ARM.Collect$$$$00000000) for __main
    entry5.o(.ARM.Collect$$$$00000004) refers to init.o(.text) for __scatterload
    entry7.o(.ARM.Collect$$$$00000007) refers to main.o(.text) for main
    init.o(.text) refers to entry5.o(.ARM.Collect$$$$00000004) for __main_after_scatterload


==============================================================================

Removing Unused input sections from the image.

    Removing startup.o(HEAP), (0 bytes).
    Removing smartx3_system.o(.bss), (1 bytes).

2 unused section(s) (total 1 bytes) removed from the image.

==============================================================================

Image Symbol Table

    Local Symbols

    Symbol Name                              Value     Ov Type        Size  Object(Section)

    RESET                                    0x00000000   Section       64  startup.o(RESET)
    ../../microlib/init/entry.s              0x00000000   Number         0  entry.o ABSOLUTE
    ../../microlib/init/entry.s              0x00000000   Number         0  entry5.o ABSOLUTE
    ../../microlib/init/entry.s              0x00000000   Number         0  entry2.o ABSOLUTE
    ../../microlib/init/entry.s              0x00000000   Number         0  entry7.o ABSOLUTE
    SmartX3_Core\startup.s                   0x00000000   Number         0  startup.o ABSOLUTE
    dc.s                                     0x00000000   Number         0  dc.o ABSOLUTE
    handlers.s                               0x00000000   Number         0  handlers.o ABSOLUTE
    init.s                                   0x00000000   Number         0  init.o ABSOLUTE
    main.c                                   0x00000000   Number         0  main.o ABSOLUTE
    smartx3_system.c                         0x00000000   Number         0  smartx3_system.o ABSOLUTE
    src_codes\app_files\smart_fs_orf.c       0x00000000   Number         0  smart_fs_orf.o ABSOLUTE
    src_codes\app_files\smart_fs_wf.c        0x00000000   Number         0  smart_fs_wf.o ABSOLUTE
    src_codes\app_files\smart_write_buf.c    0x00000000   Number         0  smart_write_buf.o ABSOLUTE
    src_codes\app_files\smart_write_eflash.c 0x00000000   Number         0  smart_write_eflash.o ABSOLUTE
    .ARM.Collect$$$$00000000                 0x00000040   Section        0  entry.o(.ARM.Collect$$$$00000000)
    .ARM.Collect$$$$00000001                 0x00000040   Section        4  entry2.o(.ARM.Collect$$$$00000001)
    .ARM.Collect$$$$00000004                 0x00000044   Section        4  entry5.o(.ARM.Collect$$$$00000004)
    .ARM.Collect$$$$00000007                 0x00000048   Section        8  entry7.o(.ARM.Collect$$$$00000007)
    .ARM.Collect$$$$00002712                 0x00000050   Section        4  entry2.o(.ARM.Collect$$$$00002712)
    __lit__00000000                          0x00000050   Data           4  entry2.o(.ARM.Collect$$$$00002712)
    .text                                    0x00000054   Section       20  startup.o(.text)
    Reset_Handler                            0x00000055   Thumb Code     4  startup.o(.text)
    .text                                    0x00000068   Section        0  main.o(.text)
    .text                                    0x000000bc   Section        0  smart_fs_orf.o(.text)
    .text                                    0x00000124   Section        0  smart_fs_wf.o(.text)
    .text                                    0x00000158   Section        0  smart_write_eflash.o(.text)
    .text                                    0x00000238   Section       36  init.o(.text)
    i.__scatterload_copy                     0x0000025c   Section       14  handlers.o(i.__scatterload_copy)
    i.__scatterload_null                     0x0000026a   Section        2  handlers.o(i.__scatterload_null)
    i.__scatterload_zeroinit                 0x0000026c   Section       14  handlers.o(i.__scatterload_zeroinit)
    .bss                                     0x68000400   Section     2048  smart_write_buf.o(.bss)
    STACK                                    0x68000c00   Section     1024  startup.o(STACK)

    Global Symbols

    Symbol Name                              Value     Ov Type        Size  Object(Section)

    BuildAttributes$$THM_ISAv3M$S$PE$A:L22$X:L11$S22$IEEE1$IW$USESV6$~STKCKD$USESV7$~SHL$OSPACE$EBA8$MICROLIB$REQ8$PRES8$EABIv2 0x00000000   Number         0  anon$$obj.o ABSOLUTE
    __ARM_use_no_argv                        0x00000000   Number         0  main.o ABSOLUTE
    __Vectors                                0x00000000   Data           0  startup.o(RESET)
    __decompress                              - Undefined Weak Reference
    __main                                   0x00000041   Thumb Code     0  entry.o(.ARM.Collect$$$$00000000)
    _main_stk                                0x00000041   Thumb Code     0  entry2.o(.ARM.Collect$$$$00000001)
    _main_scatterload                        0x00000045   Thumb Code     0  entry5.o(.ARM.Collect$$$$00000004)
    __main_after_scatterload                 0x00000049   Thumb Code     0  entry5.o(.ARM.Collect$$$$00000004)
    _main_init                               0x00000049   Thumb Code     0  entry7.o(.ARM.Collect$$$$00000007)
    NMI_Handler                              0x00000059   Thumb Code     2  startup.o(.text)
    HardFault_Handler                        0x0000005b   Thumb Code     2  startup.o(.text)
    SVC_Handler                              0x0000005d   Thumb Code     2  startup.o(.text)
    PendSV_Handler                           0x0000005f   Thumb Code     2  startup.o(.text)
    SysTick_Handler                          0x00000061   Thumb Code     2  startup.o(.text)
    main                                     0x00000069   Thumb Code    84  main.o(.text)
    smart_open_file                          0x000000bd   Thumb Code    26  smart_fs_orf.o(.text)
    smart_read_file                          0x000000d7   Thumb Code    54  smart_fs_orf.o(.text)
    smart_get_filesize                       0x0000010d   Thumb Code    14  smart_fs_orf.o(.text)
    smart_close_file                         0x0000011b   Thumb Code     2  smart_fs_orf.o(.text)
    smart_write_file                         0x00000125   Thumb Code    48  smart_fs_wf.o(.text)
    smart_write_flash                        0x00000159   Thumb Code   214  smart_write_eflash.o(.text)
    __scatterload                            0x00000239   Thumb Code    28  init.o(.text)
    __scatterload_rt2                        0x00000239   Thumb Code     0  init.o(.text)
    __scatterload_copy                       0x0000025d   Thumb Code    14  handlers.o(i.__scatterload_copy)
    __scatterload_null                       0x0000026b   Thumb Code     2  handlers.o(i.__scatterload_null)
    __scatterload_zeroinit                   0x0000026d   Thumb Code    14  handlers.o(i.__scatterload_zeroinit)
    Region$$Table$$Base                      0x0000027c   Number         0  anon$$obj.o(Region$$Table)
    Region$$Table$$Limit                     0x0000028c   Number         0  anon$$obj.o(Region$$Table)
    g_smart_ram                              0x68000400   Data        2048  smart_write_buf.o(.bss)
    __initial_sp                             0x68001000   Data           0  startup.o(STACK)



==============================================================================

Memory Map of the image

  Image Entry point : 0x00000041

  Load Region LR_IROM1 (Base: 0x00000000, Size: 0x0000028c, Max: 0x00018000, ABSOLUTE)

    Execution Region ER_IROM1 (Base: 0x00000000, Size: 0x0000028c, Max: 0x00018000, ABSOLUTE)

    Base Addr    Size         Type   Attr      Idx    E Section Name        Object

    0x00000000   0x00000040   Data   RO            3    RESET               startup.o
    0x00000040   0x00000000   Code   RO          111  * .ARM.Collect$$$$00000000  mc_p.l(entry.o)(mc_p.l)
    0x00000040   0x00000004   Code   RO          114    .ARM.Collect$$$$00000001  mc_p.l(entry2.o)(mc_p.l)
    0x00000044   0x00000004   Code   RO          117    .ARM.Collect$$$$00000004  mc_p.l(entry5.o)(mc_p.l)
    0x00000048   0x00000008   Code   RO          118    .ARM.Collect$$$$00000007  mc_p.l(entry7.o)(mc_p.l)
    0x00000050   0x00000004   Code   RO          115    .ARM.Collect$$$$00002712  mc_p.l(entry2.o)(mc_p.l)
    0x00000054   0x00000014   Code   RO            4    .text               startup.o
    0x00000068   0x00000054   Code   RO           10    .text               main.o
    0x000000bc   0x00000068   Code   RO           46    .text               SmartX3.lib(smart_fs_orf.o)(SmartX3.lib)
    0x00000124   0x00000034   Code   RO           77    .text               SmartX3.lib(smart_fs_wf.o)(SmartX3.lib)
    0x00000158   0x000000e0   Code   RO           89    .text               SmartX3.lib(smart_write_eflash.o)(SmartX3.lib)
    0x00000238   0x00000024   Code   RO          119    .text               mc_p.l(init.o)(mc_p.l)
    0x0000025c   0x0000000e   Code   RO          123    i.__scatterload_copy  mc_p.l(handlers.o)(mc_p.l)
    0x0000026a   0x00000002   Code   RO          124    i.__scatterload_null  mc_p.l(handlers.o)(mc_p.l)
    0x0000026c   0x0000000e   Code   RO          125    i.__scatterload_zeroinit  mc_p.l(handlers.o)(mc_p.l)
    0x0000027a   0x00000002   PAD
    0x0000027c   0x00000010   Data   RO          121    Region$$Table       anon$$obj.o


    Execution Region RW_IRAM2 (Base: 0x68000000, Size: 0x00000000, Max: 0xffffffff, ABSOLUTE, UNINIT)

    **** No section assigned to this execution region ****


    Execution Region RW_IRAM1 (Base: 0x68000400, Size: 0x00000c00, Max: 0x00001400, ABSOLUTE)

    Base Addr    Size         Type   Attr      Idx    E Section Name        Object

    0x68000400   0x00000800   Zero   RW          102    .bss                SmartX3.lib(smart_write_buf.o)(SmartX3.lib)
    0x68000c00   0x00000400   Zero   RW            1    STACK               startup.o


==============================================================================

Image component sizes


      Code (inc. data)   RO Data    RW Data    ZI Data      Debug   Object Name

        84          0          0          0          0          0   main.o
        20          6         64          0       1024          0   startup.o

    ----------------------------------------------------------------------
       104          6         80          0       1024          0   Object Totals
         0          0         16          0          0          0   (incl. Generated)
         0          0          0          0          0          0   (incl. Padding)

    ----------------------------------------------------------------------

      Code (inc. data)   RO Data    RW Data    ZI Data      Debug   Library Member Name

       104          8          0          0          0          0   smart_fs_orf.o
        52          4          0          0          0          0   smart_fs_wf.o
         0          0          0          0       2048          0   smart_write_buf.o
       224         10          0          0          0          0   smart_write_eflash.o
         0          0          0          0          0          0   entry.o
         8          4          0          0          0          0   entry2.o
         4          0          0          0          0          0   entry5.o
         8          4          0          0          0          0   entry7.o
        30          0          0          0          0          0   handlers.o
        36          8          0          0          0          0   init.o

    ----------------------------------------------------------------------
       468         38          0          0       2048          0   Library Totals
         2          0          0          0          0          0   (incl. Padding)

    ----------------------------------------------------------------------

      Code (inc. data)   RO Data    RW Data    ZI Data      Debug   Library Name

       380         22          0          0       2048       6261   SmartX3.lib
        86         16          0          0          0         68   mc_p.l

    ----------------------------------------------------------------------
       468         38          0          0       2048          0   Library Totals

    ----------------------------------------------------------------------

==============================================================================


      Code (inc. data)   RO Data    RW Data    ZI Data      Debug   

       572         44         80          0       3072       8816   Grand Totals
       572         44         80          0       3072       8816   ELF Image Totals
       572         44         80          0          0          0   ROM Totals

==============================================================================

    Total RO  Size (Code + RO Data)                  652 (   0.64kB)
    Total RW  Size (RW Data + ZI Data)              3072 (   3.00kB)
    Total ROM Size (Code + RO Data + RW Data)        652 (   0.64kB)

==============================================================================

