ARM Linker, 4.1 [Build 481] [Evaluation]

==============================================================================

Section Cross References

    startup.o(RESET) refers to startup.o(STACK) for __initial_sp
    startup.o(RESET) refers to startup.o(.text) for Reset_Handler
    startup.o(.text) refers to entry.o(.ARM.Collect$$$$00000000) for __main
    main.o(.text) refers to smartx3_system.o(.bss) for src
    entry.o(.ARM.Collect$$$$00000000) refers (Special) to entry7.o(.ARM.Collect$$$$00000007) for _main_init
    entry.o(.ARM.Collect$$$$00000000) refers (Special) to entry5.o(.ARM.Collect$$$$00000004) for _main_scatterload
    entry.o(.ARM.Collect$$$$00000000) refers (Special) to entry2.o(.ARM.Collect$$$$00000001) for _main_stk
    entry2.o(.ARM.Collect$$$$00000001) refers to entry2.o(.ARM.Collect$$$$00002712) for __lit__00000000
    entry2.o(.ARM.Collect$$$$00002712) refers to startup.o(STACK) for __initial_sp
    entry2.o(__vectab_stack_and_reset_area) refers to startup.o(STACK) for __initial_sp
    entry2.o(__vectab_stack_and_reset_area) refers to entry.o(.ARM.Collect$$$$00000000) for __main
    entry5.o(.ARM.Collect$$$$00000004) refers to init.o(.text) for __scatterload
    entry7.o(.ARM.Collect$$$$00000007) refers to main.o(.text) for main
    init.o(.text) refers to entry5.o(.ARM.Collect$$$$00000004) for __main_after_scatterload


==============================================================================

Removing Unused input sections from the image.

    Removing startup.o(HEAP), (0 bytes).

1 unused section(s) (total 0 bytes) removed from the image.

==============================================================================

Image Symbol Table

    Local Symbols

    Symbol Name                              Value     Ov Type        Size  Object(Section)

    RESET                                    0x00000000   Section       64  startup.o(RESET)
    ../../microlib/init/entry.s              0x00000000   Number         0  entry.o ABSOLUTE
    ../../microlib/init/entry.s              0x00000000   Number         0  entry2.o ABSOLUTE
    ../../microlib/init/entry.s              0x00000000   Number         0  entry5.o ABSOLUTE
    ../../microlib/init/entry.s              0x00000000   Number         0  entry7.o ABSOLUTE
    SmartX3_Core\startup.s                   0x00000000   Number         0  startup.o ABSOLUTE
    dc.s                                     0x00000000   Number         0  dc.o ABSOLUTE
    handlers.s                               0x00000000   Number         0  handlers.o ABSOLUTE
    init.s                                   0x00000000   Number         0  init.o ABSOLUTE
    main.c                                   0x00000000   Number         0  main.o ABSOLUTE
    smartx3_system.c                         0x00000000   Number         0  smartx3_system.o ABSOLUTE
    .ARM.Collect$$$$00000000                 0x00000040   Section        0  entry.o(.ARM.Collect$$$$00000000)
    .ARM.Collect$$$$00000001                 0x00000040   Section        4  entry2.o(.ARM.Collect$$$$00000001)
    .ARM.Collect$$$$00000004                 0x00000044   Section        4  entry5.o(.ARM.Collect$$$$00000004)
    .ARM.Collect$$$$00000007                 0x00000048   Section        8  entry7.o(.ARM.Collect$$$$00000007)
    .ARM.Collect$$$$00002712                 0x00000050   Section        4  entry2.o(.ARM.Collect$$$$00002712)
    __lit__00000000                          0x00000050   Data           4  entry2.o(.ARM.Collect$$$$00002712)
    .text                                    0x00000054   Section       20  startup.o(.text)
    Reset_Handler                            0x00000055   Thumb Code     4  startup.o(.text)
    .text                                    0x00000068   Section        0  main.o(.text)
    .text                                    0x000000a0   Section       36  init.o(.text)
    i.__scatterload_copy                     0x000000c4   Section       14  handlers.o(i.__scatterload_copy)
    i.__scatterload_null                     0x000000d2   Section        2  handlers.o(i.__scatterload_null)
    i.__scatterload_zeroinit                 0x000000d4   Section       14  handlers.o(i.__scatterload_zeroinit)
    .bss                                     0x68000000   Section       20  smartx3_system.o(.bss)
    STACK                                    0x68000400   Section     1024  startup.o(STACK)

    Global Symbols

    Symbol Name                              Value     Ov Type        Size  Object(Section)

    BuildAttributes$$THM_ISAv3M$S$PE$A:L22$X:L11$S22$IEEE1$IW$USESV6$~STKCKD$USESV7$~SHL$OSPACE$EBA8$MICROLIB$REQ8$PRES8$EABIv2 0x00000000   Number         0  anon$$obj.o ABSOLUTE
    __ARM_use_no_argv                        0x00000000   Number         0  main.o ABSOLUTE
    __Vectors                                0x00000000   Data           0  startup.o(RESET)
    __decompress                              - Undefined Weak Reference
    __main                                   0x00000041   Thumb Code     0  entry.o(.ARM.Collect$$$$00000000)
    _main_stk                                0x00000041   Thumb Code     0  entry2.o(.ARM.Collect$$$$00000001)
    _main_scatterload                        0x00000045   Thumb Code     0  entry5.o(.ARM.Collect$$$$00000004)
    __main_after_scatterload                 0x00000049   Thumb Code     0  entry5.o(.ARM.Collect$$$$00000004)
    _main_init                               0x00000049   Thumb Code     0  entry7.o(.ARM.Collect$$$$00000007)
    NMI_Handler                              0x00000059   Thumb Code     2  startup.o(.text)
    HardFault_Handler                        0x0000005b   Thumb Code     2  startup.o(.text)
    SVC_Handler                              0x0000005d   Thumb Code     2  startup.o(.text)
    PendSV_Handler                           0x0000005f   Thumb Code     2  startup.o(.text)
    SysTick_Handler                          0x00000061   Thumb Code     2  startup.o(.text)
    main                                     0x00000069   Thumb Code    52  main.o(.text)
    __scatterload                            0x000000a1   Thumb Code    28  init.o(.text)
    __scatterload_rt2                        0x000000a1   Thumb Code     0  init.o(.text)
    __scatterload_copy                       0x000000c5   Thumb Code    14  handlers.o(i.__scatterload_copy)
    __scatterload_null                       0x000000d3   Thumb Code     2  handlers.o(i.__scatterload_null)
    __scatterload_zeroinit                   0x000000d5   Thumb Code    14  handlers.o(i.__scatterload_zeroinit)
    Region$$Table$$Base                      0x000000e4   Number         0  anon$$obj.o(Region$$Table)
    Region$$Table$$Limit                     0x000000f4   Number         0  anon$$obj.o(Region$$Table)
    src                                      0x68000000   Data          20  smartx3_system.o(.bss)
    __initial_sp                             0x68000800   Data           0  startup.o(STACK)



==============================================================================

Memory Map of the image

  Image Entry point : 0x00000041

  Load Region LR_IROM1 (Base: 0x00000000, Size: 0x000000f4, Max: 0x00018000, ABSOLUTE)

    Execution Region ER_IROM1 (Base: 0x00000000, Size: 0x000000f4, Max: 0x00018000, ABSOLUTE)

    Base Addr    Size         Type   Attr      Idx    E Section Name        Object

    0x00000000   0x00000040   Data   RO            3    RESET               startup.o
    0x00000040   0x00000000   Code   RO           47  * .ARM.Collect$$$$00000000  mc_p.l(entry.o)(mc_p.l)
    0x00000040   0x00000004   Code   RO           50    .ARM.Collect$$$$00000001  mc_p.l(entry2.o)(mc_p.l)
    0x00000044   0x00000004   Code   RO           53    .ARM.Collect$$$$00000004  mc_p.l(entry5.o)(mc_p.l)
    0x00000048   0x00000008   Code   RO           54    .ARM.Collect$$$$00000007  mc_p.l(entry7.o)(mc_p.l)
    0x00000050   0x00000004   Code   RO           51    .ARM.Collect$$$$00002712  mc_p.l(entry2.o)(mc_p.l)
    0x00000054   0x00000014   Code   RO            4    .text               startup.o
    0x00000068   0x00000038   Code   RO           10    .text               main.o
    0x000000a0   0x00000024   Code   RO           55    .text               mc_p.l(init.o)(mc_p.l)
    0x000000c4   0x0000000e   Code   RO           59    i.__scatterload_copy  mc_p.l(handlers.o)(mc_p.l)
    0x000000d2   0x00000002   Code   RO           60    i.__scatterload_null  mc_p.l(handlers.o)(mc_p.l)
    0x000000d4   0x0000000e   Code   RO           61    i.__scatterload_zeroinit  mc_p.l(handlers.o)(mc_p.l)
    0x000000e2   0x00000002   PAD
    0x000000e4   0x00000010   Data   RO           57    Region$$Table       anon$$obj.o


    Execution Region RW_IRAM2 (Base: 0x68000000, Size: 0x00000014, Max: 0x00000400, ABSOLUTE, UNINIT)

    Base Addr    Size         Type   Attr      Idx    E Section Name        Object

    0x68000000   0x00000014   Zero   RW           40    .bss                smartx3_system.o


    Execution Region RW_IRAM1 (Base: 0x68000400, Size: 0x00000400, Max: 0x00001400, ABSOLUTE)

    Base Addr    Size         Type   Attr      Idx    E Section Name        Object

    0x68000400   0x00000400   Zero   RW            1    STACK               startup.o


==============================================================================

Image component sizes


      Code (inc. data)   RO Data    RW Data    ZI Data      Debug   Object Name

        56          4          0          0          0          0   main.o
         0          0          0          0         20          0   smartx3_system.o
        20          6         64          0       1024          0   startup.o

    ----------------------------------------------------------------------
        76         10         80          0       1044          0   Object Totals
         0          0         16          0          0          0   (incl. Generated)
         0          0          0          0          0          3   (incl. Padding)

    ----------------------------------------------------------------------

      Code (inc. data)   RO Data    RW Data    ZI Data      Debug   Library Member Name

         0          0          0          0          0          0   entry.o
         8          4          0          0          0          0   entry2.o
         4          0          0          0          0          0   entry5.o
         8          4          0          0          0          0   entry7.o
        30          0          0          0          0          0   handlers.o
        36          8          0          0          0          0   init.o

    ----------------------------------------------------------------------
        88         16          0          0          0          0   Library Totals
         2          0          0          0          0          0   (incl. Padding)

    ----------------------------------------------------------------------

      Code (inc. data)   RO Data    RW Data    ZI Data      Debug   Library Name

        86         16          0          0          0         68   mc_p.l

    ----------------------------------------------------------------------
        88         16          0          0          0          0   Library Totals

    ----------------------------------------------------------------------

==============================================================================


      Code (inc. data)   RO Data    RW Data    ZI Data      Debug   

       164         26         80          0       1044       2736   Grand Totals
       164         26         80          0       1044       2736   ELF Image Totals
       164         26         80          0          0          0   ROM Totals

==============================================================================

    Total RO  Size (Code + RO Data)                  244 (   0.24kB)
    Total RW  Size (RW Data + ZI Data)              1044 (   1.02kB)
    Total ROM Size (Code + RO Data + RW Data)        244 (   0.24kB)

==============================================================================

